Component: ARM Compiler 5.06 update 5 (build 528) Tool: armlink [4d35e2]

==============================================================================

Section Cross References

    appli.o(.text) refers to os.o(.text) for OS_StartOS
    appli.o(.text) refers to osalarm.o(.text) for OS_SetRelAlarm
    appli.o(.text) refers to osevt.o(.text) for OS_WaitEvent
    appli.o(.text) refers to ostask.o(.text) for OS_ChainTask
    systicktimer.o(.text) refers to systicktimer.o(.data) for StkCtrl
    intvect.o(INTVECT) refers to sysstartup.o(.text) for SysStartup_Init
    intvect.o(INTVECT) refers to intvect.o(.text) for undefinedHandler
    intvect.o(INTVECT) refers to osasm.o(.emb_text) for OsDispatcher
    sysstartup.o(.text) refers (Weak) to appli.o(.text) for main
    sysstartup.o(.text) refers (Weak) to appli.o(.text) for main
    osasm.o(.emb_text) refers to os.o(.text) for OS_Dispatcher
    tcb.o(.data) refers to appli.o(.text) for TaskIdleFunc
    tcb.o(.data) refers to tcb.o(.bss) for Stack_T_Idle
    tcb.o(.data) refers to os.o(.text) for OsSysTickTimerIsr
    os.o(.text) refers to osasm.o(.emb_text) for OsGetPSR
    os.o(.text) refers to systicktimer.o(.text) for SysTickTimer_Start
    os.o(.text) refers to tcb.o(.data) for OCB_Cfg
    os.o(.text) refers to osevt.o(.text) for OS_SetEvent
    os.o(.text) refers to ostask.o(.text) for OS_ActivateTask
    osevt.o(.text) refers to os.o(.text) for OS_Schedule
    osevt.o(.text) refers to tcb.o(.data) for OCB_Cfg
    ostask.o(.text) refers to os.o(.text) for OS_Schedule
    ostask.o(.text) refers to tcb.o(.data) for OCB_Cfg
    osalarm.o(.text) refers to tcb.o(.data) for OCB_Cfg


==============================================================================

Image Symbol Table

    Local Symbols

    Symbol Name                              Value     Ov Type        Size  Object(Section)

    Application\Appli.c                      0x00000000   Number         0  appli.o ABSOLUTE
    Application\IntVect.c                    0x00000000   Number         0  intvect.o ABSOLUTE
    Application\MCAL\SysTickTimer.c          0x00000000   Number         0  systicktimer.o ABSOLUTE
    Application\OS\OS.c                      0x00000000   Number         0  os.o ABSOLUTE
    Application\OS\OsAlarm.c                 0x00000000   Number         0  osalarm.o ABSOLUTE
    Application\OS\OsAsm.c                   0x00000000   Number         0  osasm.o ABSOLUTE
    Application\OS\OsEvt.c                   0x00000000   Number         0  osevt.o ABSOLUTE
    Application\OS\OsTask.c                  0x00000000   Number         0  ostask.o ABSOLUTE
    Application\OS\TCB.c                     0x00000000   Number         0  tcb.o ABSOLUTE
    Application\SysStartup.c                 0x00000000   Number         0  sysstartup.o ABSOLUTE
    Application\\OS\\OsAsm.c                 0x00000000   Number         0  osasm.o ABSOLUTE
    INTVECT                                  0x08000000   Section      512  intvect.o(INTVECT)
    .emb_text                                0x08000200   Section       70  osasm.o(.emb_text)
    .text                                    0x08000248   Section        0  appli.o(.text)
    Appli_LedInit                            0x08000249   Thumb Code    48  appli.o(.text)
    .text                                    0x08000388   Section        0  systicktimer.o(.text)
    .text                                    0x080003d8   Section        0  intvect.o(.text)
    .text                                    0x080003e0   Section        0  sysstartup.o(.text)
    SysStartup_Memset                        0x080003e1   Thumb Code    18  sysstartup.o(.text)
    SysStartup_Memcpy                        0x080003f3   Thumb Code    20  sysstartup.o(.text)
    SysStartup_Unexpected_Exit               0x08000407   Thumb Code     4  sysstartup.o(.text)
    SysStartup_RunApplication                0x0800040b   Thumb Code    14  sysstartup.o(.text)
    SysStartup_InitRam                       0x08000419   Thumb Code    32  sysstartup.o(.text)
    SysStartup_InitSystemClock               0x08000439   Thumb Code    70  sysstartup.o(.text)
    .text                                    0x080004a8   Section        0  os.o(.text)
    OS_StartTimer                            0x08000615   Thumb Code     8  os.o(.text)
    OS_InitTimer                             0x0800061d   Thumb Code     8  os.o(.text)
    OS_IdleLoop                              0x080006f7   Thumb Code     4  os.o(.text)
    OsCreateNewContext                       0x080006fb   Thumb Code    50  os.o(.text)
    .text                                    0x08000a60   Section        0  osevt.o(.text)
    .text                                    0x08000d20   Section        0  ostask.o(.text)
    .text                                    0x08000eb0   Section        0  osalarm.o(.text)
    .constdata                               0x080010d0   Section       16  tcb.o(.constdata)
    .data                                    0x20000000   Section        4  systicktimer.o(.data)
    .data                                    0x20000008   Section      512  tcb.o(.data)
    Tcb_t_Idle                               0x20000008   Data          52  tcb.o(.data)
    Tcb_t_T1                                 0x2000003c   Data          52  tcb.o(.data)
    Tcb_t_T2                                 0x20000070   Data          52  tcb.o(.data)
    Tcb_t_T3                                 0x200000a4   Data          52  tcb.o(.data)
    Alarm_ALARM_BLUE_LED                     0x200000d8   Data          36  tcb.o(.data)
    Alarm_ALARM_GREEN_LED                    0x200000fc   Data          36  tcb.o(.data)
    Alarm_ALARM_FASTER_BLUE_LED              0x20000120   Data          36  tcb.o(.data)
    AuthorizedTask_RES_SCHEDULER             0x20000144   Data          16  tcb.o(.data)
    Resource_RES_SCHEDULER                   0x20000154   Data          12  tcb.o(.data)
    AuthorizedTask_RES_TRACE                 0x20000160   Data          16  tcb.o(.data)
    Resource_RES_TRACE                       0x20000170   Data          12  tcb.o(.data)
    Resource_RES_R2                          0x2000017c   Data          12  tcb.o(.data)
    CCB_Cfg                                  0x20000198   Data          20  tcb.o(.data)
    Alarm_Cfg                                0x200001ac   Data          16  tcb.o(.data)
    Res_Cfg                                  0x200001bc   Data          16  tcb.o(.data)
    .bss                                     0x20000208   Section     2064  tcb.o(.bss)
    AuthorizedTask_RES_R2                    0x20000a08   Data          16  tcb.o(.bss)

    Global Symbols

    Symbol Name                              Value     Ov Type        Size  Object(Section)

    BuildAttributes$$THM_ISAv4$P$D$K$B$S$PE$A:L22UL41UL21$X:L11$S22US41US21$IEEE1$IW$USESV6$~STKCKD$USESV7$~SHL$OSPACE$EBA8$STANDARDLIB$REQ8$PRES8$EABIv2 0x00000000   Number         0  anon$$obj.o ABSOLUTE
    __ARM_use_no_argv                        0x00000000   Number         0  appli.o ABSOLUTE
    Image$$ER_RW_DATA$$RW$$Length            0x00000208   Number         0  anon$$obj.o ABSOLUTE
    Image$$ER_RW_DATA$$ZI$$Length            0x00000810   Number         0  anon$$obj.o ABSOLUTE
    IntVector                                0x08000000   Data         512  intvect.o(INTVECT)
    OsDispatcher                             0x08000201   Thumb Code    22  osasm.o(.emb_text)
    OsGetCurrentSP                           0x08000217   Thumb Code     6  osasm.o(.emb_text)
    OsGetPSR                                 0x0800021d   Thumb Code     8  osasm.o(.emb_text)
    OsCat2IsrWrapper                         0x08000225   Thumb Code    34  osasm.o(.emb_text)
    main                                     0x08000279   Thumb Code    16  appli.o(.text)
    TaskT1Func                               0x08000289   Thumb Code   100  appli.o(.text)
    TaskIdleFunc                             0x080002ed   Thumb Code    76  appli.o(.text)
    TaskT2Func                               0x08000339   Thumb Code    72  appli.o(.text)
    TaskT3Func                               0x08000381   Thumb Code     4  appli.o(.text)
    SysTickTimer_Init                        0x08000389   Thumb Code    56  systicktimer.o(.text)
    SysTickTimer_Start                       0x080003c1   Thumb Code    20  systicktimer.o(.text)
    undefinedHandler                         0x080003d9   Thumb Code     4  intvect.o(.text)
    HardFaultdHandler                        0x080003dd   Thumb Code     4  intvect.o(.text)
    SysStartup_Init                          0x0800047f   Thumb Code    12  sysstartup.o(.text)
    OsIsCat2IntContext                       0x080004a9   Thumb Code     8  os.o(.text)
    OsIsInterruptContext                     0x080004b1   Thumb Code    28  os.o(.text)
    OS_Schedule                              0x080004cd   Thumb Code   328  os.o(.text)
    OS_StartOS                               0x08000625   Thumb Code   210  os.o(.text)
    OS_Dispatcher                            0x0800072d   Thumb Code   212  os.o(.text)
    OsSysTickTimerIsr                        0x08000801   Thumb Code   368  os.o(.text)
    OsStoreStackPointer                      0x08000971   Thumb Code    34  os.o(.text)
    OsGetSavedStackPointer                   0x08000993   Thumb Code    34  os.o(.text)
    OsIsrCallDispatch                        0x080009b5   Thumb Code    54  os.o(.text)
    OS_GetActiveApplicationMode              0x080009eb   Thumb Code     4  os.o(.text)
    OS_ShutdownOS                            0x080009ef   Thumb Code    28  os.o(.text)
    OsRunCat2Isr                             0x08000a0b   Thumb Code    54  os.o(.text)
    OS_DisableAllInterrupts                  0x08000a41   Thumb Code     4  os.o(.text)
    OS_EnableAllInterrupts                   0x08000a45   Thumb Code     4  os.o(.text)
    OS_SuspendAllInterrupts                  0x08000a49   Thumb Code     4  os.o(.text)
    OS_ResumeAllInterrupts                   0x08000a4d   Thumb Code     4  os.o(.text)
    OS_SuspendOSInterrupts                   0x08000a51   Thumb Code     4  os.o(.text)
    OS_ResumeOSInterrupts                    0x08000a55   Thumb Code     4  os.o(.text)
    OS_GetResource                           0x08000a61   Thumb Code   120  osevt.o(.text)
    OS_ReleaseResource                       0x08000ad9   Thumb Code   132  osevt.o(.text)
    OS_SetEvent                              0x08000b5d   Thumb Code   160  osevt.o(.text)
    OS_ClearEvent                            0x08000bfd   Thumb Code    64  osevt.o(.text)
    OS_GetEvent                              0x08000c3d   Thumb Code    62  osevt.o(.text)
    OS_WaitEvent                             0x08000c7b   Thumb Code   160  osevt.o(.text)
    OS_GetTaskID                             0x08000d21   Thumb Code    12  ostask.o(.text)
    OS_GetTaskState                          0x08000d2d   Thumb Code    34  ostask.o(.text)
    OS_ActivateTask                          0x08000d4f   Thumb Code   114  ostask.o(.text)
    OS_TerminateTask                         0x08000dc1   Thumb Code    90  ostask.o(.text)
    OS_ChainTask                             0x08000e1b   Thumb Code   146  ostask.o(.text)
    OS_GetAlarmBase                          0x08000eb1   Thumb Code    22  osalarm.o(.text)
    OS_GetAlarm                              0x08000ec7   Thumb Code    36  osalarm.o(.text)
    OS_SetRelAlarm                           0x08000eeb   Thumb Code   226  osalarm.o(.text)
    OS_SetAbsAlarm                           0x08000fcd   Thumb Code   222  osalarm.o(.text)
    OS_CancelAlarm                           0x080010ab   Thumb Code    34  osalarm.o(.text)
    Stack_T_Idle_Size                        0x080010d0   Data           4  tcb.o(.constdata)
    Stack_T_T1_Size                          0x080010d4   Data           4  tcb.o(.constdata)
    Stack_T_T2_Size                          0x080010d8   Data           4  tcb.o(.constdata)
    Stack_T_T3_Size                          0x080010dc   Data           4  tcb.o(.constdata)
    Load$$ER_RW_DATA$$RW$$Base               0x080010e0   Number         0  anon$$obj.o ABSOLUTE
    Image$$ER_RW_DATA$$RW$$Base              0x20000000   Number         0  anon$$obj.o ABSOLUTE
    StkCtrl                                  0x20000000   Data           4  systicktimer.o(.data)
    IsrLookupTable                           0x20000188   Data          16  tcb.o(.data)
    OCB_Cfg                                  0x200001d0   Data          56  tcb.o(.data)
    Image$$ER_RW_DATA$$ZI$$Base              0x20000208   Number         0  anon$$obj.o ABSOLUTE
    Stack_T_Idle                             0x20000208   Data         512  tcb.o(.bss)
    Stack_T_T1                               0x20000408   Data         512  tcb.o(.bss)
    Stack_T_T2                               0x20000608   Data         512  tcb.o(.bss)
    Stack_T_T3                               0x20000808   Data         512  tcb.o(.bss)
    Image$$ER_STACK$$ZI$$Limit               0x20002000   Number         0  anon$$obj.o ABSOLUTE



==============================================================================

Memory Map of the image

  Image Entry point : 0x0800047f

  Load Region LR_MEM_MAP (Base: 0x08000000, Size: 0x000012e8, Max: 0x00020000, ABSOLUTE)

    Execution Region ER_STARTUP (Exec base: 0x08000000, Load base: 0x08000000, Size: 0x00000200, Max: 0xffffffff, ABSOLUTE)

    Exec Addr    Load Addr    Size         Type   Attr      Idx    E Section Name        Object

    0x08000000   0x08000000   0x00000200   Data   RO           65    INTVECT             intvect.o


    Execution Region ER_TEXT (Exec base: 0x08000200, Load base: 0x08000200, Size: 0x00000ed0, Max: 0xffffffff, ABSOLUTE)

    Exec Addr    Load Addr    Size         Type   Attr      Idx    E Section Name        Object

    0x08000200   0x08000200   0x00000046   Code   RO           91    .emb_text           osasm.o
    0x08000246   0x08000246   0x00000002   PAD
    0x08000248   0x08000248   0x00000140   Code   RO            3    .text               appli.o
    0x08000388   0x08000388   0x00000050   Code   RO           46    .text               systicktimer.o
    0x080003d8   0x080003d8   0x00000008   Code   RO           64    .text               intvect.o
    0x080003e0   0x080003e0   0x000000c8   Code   RO           78  * .text               sysstartup.o
    0x080004a8   0x080004a8   0x000005b8   Code   RO          122    .text               os.o
    0x08000a60   0x08000a60   0x000002c0   Code   RO          154    .text               osevt.o
    0x08000d20   0x08000d20   0x00000190   Code   RO          166    .text               ostask.o
    0x08000eb0   0x08000eb0   0x00000220   Code   RO          178    .text               osalarm.o


    Execution Region ER_RO (Exec base: 0x080010d0, Load base: 0x080010d0, Size: 0x00000010, Max: 0xffffffff, ABSOLUTE)

    Exec Addr    Load Addr    Size         Type   Attr      Idx    E Section Name        Object

    0x080010d0   0x080010d0   0x00000010   Data   RO          100    .constdata          tcb.o


    Execution Region ER_RW_DATA (Exec base: 0x20000000, Load base: 0x080010e0, Size: 0x00000a18, Max: 0xffffffff, ABSOLUTE)

    Exec Addr    Load Addr    Size         Type   Attr      Idx    E Section Name        Object

    0x20000000   0x080010e0   0x00000004   Data   RW           47    .data               systicktimer.o
    0x20000004   0x080010e4   0x00000004   PAD
    0x20000008   0x080010e8   0x00000200   Data   RW          101    .data               tcb.o
    0x20000208        -       0x00000810   Zero   RW           99    .bss                tcb.o


    Execution Region ER_TEMP (Exec base: 0x20001000, Load base: 0x080012e8, Size: 0x00000400, Max: 0x00000400, ABSOLUTE)

    Exec Addr    Load Addr    Size         Type   Attr      Idx    E Section Name        Object

    0x20001000        -       0x00000400   Zero   RW            1    ER_TEMP.bss         anon$$obj.o


    Execution Region ER_STACK (Exec base: 0x20001c00, Load base: 0x080012e8, Size: 0x00000400, Max: 0x00000400, ABSOLUTE)

    Exec Addr    Load Addr    Size         Type   Attr      Idx    E Section Name        Object

    0x20001c00        -       0x00000400   Zero   RW            2    ER_STACK.bss        anon$$obj.o


==============================================================================

Image component sizes


      Code (inc. data)   RO Data    RW Data    ZI Data      Debug   Object Name

       320          4          0          0          0       6401   appli.o
         8          0        512          0          0        954   intvect.o
      1464         20          0          0          0       5232   os.o
       544          4          0          0          0       1895   osalarm.o
        70          0          0          0          0        500   osasm.o
       704          6          0          0          0       2003   osevt.o
       400          4          0          0          0       1621   ostask.o
       200         30          0          0          0       1466   sysstartup.o
        80          4          0          4          0       1905   systicktimer.o
         0          0         16        512       2064       4921   tcb.o

    ----------------------------------------------------------------------
      3792         72        528        520       4112      26898   Object Totals
         0          0          0          0       2048          0   (incl. Generated)
         2          0          0          4          0          0   (incl. Padding)

    ----------------------------------------------------------------------
         0          0          0          0          0          0   Library Totals
         0          0          0          0          0          0   (incl. Padding)

    ----------------------------------------------------------------------

==============================================================================


      Code (inc. data)   RO Data    RW Data    ZI Data      Debug   

      3792         72        528        520       4112      26274   Grand Totals
      3792         72        528        520       4112      26274   ELF Image Totals
      3792         72        528        520          0          0   ROM Totals

==============================================================================

    Total RO  Size (Code + RO Data)                 4320 (   4.22kB)
    Total RW  Size (RW Data + ZI Data)              4632 (   4.52kB)
    Total ROM Size (Code + RO Data + RW Data)       4840 (   4.73kB)

==============================================================================

